TAP version 13
# Subtest: receipt gate requires explicit product, supplier, finite positive pounds; edit and in-flight stay distinct
ok 1 - receipt gate requires explicit product, supplier, finite positive pounds; edit and in-flight stay distinct # SKIP test name does not match pattern
  ---
  duration_ms: 0.621541
  ...
# Subtest: dispatch attention counts the full response independently of order-list filters and fails honestly
ok 2 - dispatch attention counts the full response independently of order-list filters and fails honestly # SKIP test name does not match pattern
  ---
  duration_ms: 0.0585
  ...
# Subtest: idle production is zero, missing run input is unavailable, known input computes yield
ok 3 - idle production is zero, missing run input is unavailable, known input computes yield # SKIP test name does not match pattern
  ---
  duration_ms: 0.178042
  ...
# Subtest: rolling-deploy unit labels normalize weight packages and retain count-based supplies
ok 4 - rolling-deploy unit labels normalize weight packages and retain count-based supplies # SKIP test name does not match pattern
  ---
  duration_ms: 0.058375
  ...
# Subtest: sales order edit gates use administrative state and effective fulfillment independently
ok 5 - sales order edit gates use administrative state and effective fulfillment independently # SKIP test name does not match pattern
  ---
  duration_ms: 0.113791
  ...
# Subtest: order line quantities use effective pounds and do not invent effective service shipments
ok 6 - order line quantities use effective pounds and do not invent effective service shipments # SKIP test name does not match pattern
  ---
  duration_ms: 0.040875
  ...
# Subtest: shipping preview formats structured warning quantities and does not repeat raw backend decimals
not ok 7 - shipping preview formats structured warning quantities and does not repeat raw backend decimals
  ---
  duration_ms: 40.267458
  location: '/Users/michaelgross/Documents/factory-ledger/tests/test_batch_a_ui.js:109:1'
  failureType: 'testCodeFailure'
  error: |-
    The input did not match the regular expression /Short 260 lb/i. Input:
    
    '<div class="preview-general-warning">Classic Granola: only 1240.0 lb currently takeable, need 1500.0 lb</div><div class="preview-lines"><div class="preview-line"><div class="preview-line-main"><strong>Classic Granola</strong><span>Requested 1,500 lb · Can ship 1,240 lb</span></div><div class="preview-reservations">Reserved for other orders: 0 lb</div><div class="preview-allocation-warning"><strong>Reservation review</strong><span>Sales-order ship would use 260.5000 lb reserved for other orders. API commit RAW_DATABASE_SECRET</span></div></div></div>'
    
  code: 'ERR_ASSERTION'
  name: 'AssertionError'
  expected:
  actual: '<div class="preview-general-warning">Classic Granola: only 1240.0 lb currently takeable, need 1500.0 lb</div><div class="preview-lines"><div class="preview-line"><div class="preview-line-main"><strong>Classic Granola</strong><span>Requested 1,500 lb · Can ship 1,240 lb</span></div><div class="preview-reservations">Reserved for other orders: 0 lb</div><div class="preview-allocation-warning"><strong>Reservation review</strong><span>Sales-order ship would use 260.5000 lb reserved for other orders. API commit RAW_DATABASE_SECRET</span></div></div></div>'
  operator: 'match'
  stack: |-
    TestContext.<anonymous> (/Users/michaelgross/Documents/factory-ledger/tests/test_batch_a_ui.js:127:12)
    Test.runInAsyncScope (node:async_hooks:206:9)
    Test.run (node:internal/test_runner/test:796:25)
    Test.processPendingSubtests (node:internal/test_runner/test:526:18)
    Test.postRun (node:internal/test_runner/test:889:19)
    Test.run (node:internal/test_runner/test:835:12)
    async Test.processPendingSubtests (node:internal/test_runner/test:526:7)
  ...
1..7
# tests 7
# suites 0
# pass 0
# fail 1
# cancelled 0
# skipped 6
# todo 0
# duration_ms 158.369083
